IT-CO-USUARIO                           A 011 
IT-DA-TRANSACAO                         A 0008
IT-IN-OPERACAO                          A 001 
IT-CO-PROGRAMA-TRABALHO-RESUMIDO        N 0006
GR-UNIDADE-ORCAMENTARIA                 N 0005
GR-PROGRAMA-TRABALHO-A                  A 017 
IT-IN-RESULTADO-LEI                     A 001 
IT-IN-TIPO-CREDITO                      A 001 
