GR-MATRICULA-ANO-MES                    N 0018
IT-CO-GRUPO-OCOR-AFASTAMENTO            N 0002
IT-CO-OCOR-AFASTAMENTO                  N 0003
IT-DA-INICIO-OCOR-AFASTAMENTO           N 0008
IT-DA-TERMINO-OCOR-AFASTAMENTO          N 0008
IT-CO-DIPL-AFASTAMENTO                  N 0002
IT-DA-PUBL-DIPL-AFASTAMENTO             N 0008
IT-NU-DIPL-AFASTAMENTO                  A 0009
