GR-MATRICULA-ANO-MES                    N 0018
IT-SG-FUNCAO                            A 0003
IT-CO-NIVEL-FUNCAO                      N 0004
IT-DA-INGRESSO-FUNCAO                   N 0008
IT-DA-SAIDA-FUNCAO                      N 0008
IT-CO-UORG-FUNCAO                       N 0009
IT-CO-ATIVIDADE-FUNCAO                  N 0004
