GR-MATRICULA                            N 0012
IT-CO-AFASTAMENTO-SERV                  N 0004
IT-DA-INICIO-AFASTAMENTO-SERV           N 0008
IT-DA-TERMINO-AFASTAMENTO-SERV          N 0008
IT-IN-EFEITO-FINANCEIRO-SERV            A 0001
IT-CO-MOTIVO-CANCELA-AFAST              N 0002
IT-DA-CANCELA-AFASTAMENTO               N 0008
